Archive member included to satisfy reference by file (symbol)

/mnt/hdd/projects-3rdparty/xtensa/esp-open-sdk/xtensa-lx106-elf/bin/../lib/gcc/xtensa-lx106-elf/4.8.5/../../../../xtensa-lx106-elf/lib/libc.a(lib_a-atoi.o)
                              libmesh/espconn_mesh.o (atoi)
/mnt/hdd/projects-3rdparty/xtensa/esp-open-sdk/xtensa-lx106-elf/bin/../lib/gcc/xtensa-lx106-elf/4.8.5/../../../../xtensa-lx106-elf/lib/libc.a(lib_a-memchr.o)
                              liblwip/espconn_buf.o (memchr)
/mnt/hdd/projects-3rdparty/xtensa/esp-open-sdk/xtensa-lx106-elf/bin/../lib/gcc/xtensa-lx106-elf/4.8.5/../../../../xtensa-lx106-elf/lib/libc.a(lib_a-memcmp.o)
                              libssl/ssl_tls1.o (memcmp)
/mnt/hdd/projects-3rdparty/xtensa/esp-open-sdk/xtensa-lx106-elf/bin/../lib/gcc/xtensa-lx106-elf/4.8.5/../../../../xtensa-lx106-elf/lib/libc.a(lib_a-memcpy.o)
                              libcrypto/ms_funcs.o (memcpy)
/mnt/hdd/projects-3rdparty/xtensa/esp-open-sdk/xtensa-lx106-elf/bin/../lib/gcc/xtensa-lx106-elf/4.8.5/../../../../xtensa-lx106-elf/lib/libc.a(lib_a-strcasecmp.o)
                              libwpa2/x509v3.o (strcasecmp)
/mnt/hdd/projects-3rdparty/xtensa/esp-open-sdk/xtensa-lx106-elf/bin/../lib/gcc/xtensa-lx106-elf/4.8.5/../../../../xtensa-lx106-elf/lib/libc.a(lib_a-strtol.o)
                              /mnt/hdd/projects-3rdparty/xtensa/esp-open-sdk/xtensa-lx106-elf/bin/../lib/gcc/xtensa-lx106-elf/4.8.5/../../../../xtensa-lx106-elf/lib/libc.a(lib_a-atoi.o) (_strtol_r)
/mnt/hdd/projects-3rdparty/xtensa/esp-open-sdk/xtensa-lx106-elf/bin/../lib/gcc/xtensa-lx106-elf/4.8.5/../../../../xtensa-lx106-elf/lib/libc.a(lib_a-sysgettod.o)
                              libmain/time.o (gettimeofday)
/mnt/hdd/projects-3rdparty/xtensa/esp-open-sdk/xtensa-lx106-elf/bin/../lib/gcc/xtensa-lx106-elf/4.8.5/../../../../xtensa-lx106-elf/lib/libc.a(lib_a-ctype_.o)
                              /mnt/hdd/projects-3rdparty/xtensa/esp-open-sdk/xtensa-lx106-elf/bin/../lib/gcc/xtensa-lx106-elf/4.8.5/../../../../xtensa-lx106-elf/lib/libc.a(lib_a-strcasecmp.o) (__ctype_ptr__)
/mnt/hdd/projects-3rdparty/xtensa/esp-open-sdk/xtensa-lx106-elf/bin/../lib/gcc/xtensa-lx106-elf/4.8.5/../../../../xtensa-lx106-elf/lib/libc.a(lib_a-impure.o)
                              /mnt/hdd/projects-3rdparty/xtensa/esp-open-sdk/xtensa-lx106-elf/bin/../lib/gcc/xtensa-lx106-elf/4.8.5/../../../../xtensa-lx106-elf/lib/libc.a(lib_a-strtol.o) (_impure_ptr)

Allocating common symbols
Common symbol       size              file

default_private_key
                    0x0               ../empty_user.o
default_certificate
                    0x0               ../empty_user.o

Memory Configuration

Name             Origin             Length             Attributes
dport0_0_seg     0x000000003ff00000 0x0000000000000010
dram0_0_seg      0x000000003ffe8000 0x0000000000014000
iram1_0_seg      0x0000000040100000 0x0000000000008000
irom0_0_seg      0x0000000040240000 0x000000000007c000
*default*        0x0000000000000000 0xffffffffffffffff

Linker script and memory map

                [!provide]                        PROVIDE (_memmap_vecbase_reset, 0x40000000)
                0x0000000000000110                _memmap_cacheattr_wb_base = 0x110
                0x0000000000000110                _memmap_cacheattr_wt_base = 0x110
                0x0000000000000220                _memmap_cacheattr_bp_base = 0x220
                0x00000000fffff00f                _memmap_cacheattr_unused_mask = 0xfffff00f
                0x000000002222211f                _memmap_cacheattr_wb_trapnull = 0x2222211f
                0x000000002222211f                _memmap_cacheattr_wba_trapnull = 0x2222211f
                0x000000002222211f                _memmap_cacheattr_wbna_trapnull = 0x2222211f
                0x000000002222211f                _memmap_cacheattr_wt_trapnull = 0x2222211f
                0x000000002222222f                _memmap_cacheattr_bp_trapnull = 0x2222222f
                0x00000000fffff11f                _memmap_cacheattr_wb_strict = 0xfffff11f
                0x00000000fffff11f                _memmap_cacheattr_wt_strict = 0xfffff11f
                0x00000000fffff22f                _memmap_cacheattr_bp_strict = 0xfffff22f
                0x0000000022222112                _memmap_cacheattr_wb_allvalid = 0x22222112
                0x0000000022222112                _memmap_cacheattr_wt_allvalid = 0x22222112
                0x0000000022222222                _memmap_cacheattr_bp_allvalid = 0x22222222
                [!provide]                        PROVIDE (_memmap_cacheattr_reset, _memmap_cacheattr_wb_trapnull)

.dport0.rodata  0x000000003ff00000        0x0
                0x000000003ff00000                _dport0_rodata_start = ABSOLUTE (.)
 *(.dport0.rodata)
 *(.dport.rodata)
                0x000000003ff00000                _dport0_rodata_end = ABSOLUTE (.)

.dport0.literal
                0x000000003ff00000        0x0
                0x000000003ff00000                _dport0_literal_start = ABSOLUTE (.)
 *(.dport0.literal)
 *(.dport.literal)
                0x000000003ff00000                _dport0_literal_end = ABSOLUTE (.)

.dport0.data    0x000000003ff00000        0x0
                0x000000003ff00000                _dport0_data_start = ABSOLUTE (.)
 *(.dport0.data)
 *(.dport.data)
                0x000000003ff00000                _dport0_data_end = ABSOLUTE (.)

.data           0x000000003ffe8000      0x918
                0x000000003ffe8000                _data_start = ABSOLUTE (.)
 *(.data)
 .data          0x000000003ffe8000        0x0 libairkiss/airkiss.o
 .data          0x000000003ffe8000        0x0 libairkiss/airlink.o
 .data          0x000000003ffe8000        0x0 libcrypto/aes-cbc.o
 .data          0x000000003ffe8000        0x0 libcrypto/aes-internal-dec.o
 .data          0x000000003ffe8000        0x0 libcrypto/aes-internal-enc.o
 .data          0x000000003ffe8000        0x0 libcrypto/aes-internal.o
 .data          0x000000003ffe8000        0x0 libcrypto/aes-wrap.o
 .data          0x000000003ffe8000        0x0 libcrypto/crypto_internal-cipher.o
 .data          0x000000003ffe8000        0x0 libcrypto/crypto_internal-modexp.o
 .data          0x000000003ffe8000        0x0 libcrypto/crypto_internal.o
 .data          0x000000003ffe8000        0x0 libcrypto/crypto_internal-rsa.o
 .data          0x000000003ffe8000        0x0 libcrypto/des-internal.o
 .data          0x000000003ffe8000        0x0 libcrypto/dh_group5.o
 .data          0x000000003ffe8000       0x14 libcrypto/dh_groups.o
 *fill*         0x000000003ffe8014        0xc 
 .data          0x000000003ffe8020       0x40 libcrypto/md4-internal.o
 .data          0x000000003ffe8060        0x0 libcrypto/ms_funcs.o
 .data          0x000000003ffe8060        0x0 libcrypto/sha256-internal.o
 .data          0x000000003ffe8060        0x0 libcrypto/sha256.o
 .data          0x000000003ffe8060        0x0 libespnow/espnow.o
 .data          0x000000003ffe8060        0x0 libespnow/manatick.o
 .data          0x000000003ffe8060        0x0 libespnow/simple_pair.o
 .data          0x000000003ffe8060        0x0 liblwip/api_lib.o
 .data          0x000000003ffe8060        0x0 liblwip/api_msg.o
 .data          0x000000003ffe8060        0x0 liblwip/autoip.o
 .data          0x000000003ffe8060        0x0 liblwip/def.o
 .data          0x000000003ffe8060        0x4 liblwip/dhcp.o
 .data          0x000000003ffe8064        0x5 liblwip/dhcpserver.o
                0x000000003ffe8064                dhcps_lease_time
 .data          0x000000003ffe8069        0x0 liblwip/dns.o
 .data          0x000000003ffe8069        0x0 liblwip/err.o
 .data          0x000000003ffe8069        0x0 liblwip/espconn_buf.o
 .data          0x000000003ffe8069        0x0 liblwip/espconn_mdns.o
 .data          0x000000003ffe8069        0x0 liblwip/espconn.o
 .data          0x000000003ffe8069        0x0 liblwip/espconn_tcp.o
 .data          0x000000003ffe8069        0x0 liblwip/espconn_udp.o
 .data          0x000000003ffe8069        0x0 liblwip/etharp.o
 .data          0x000000003ffe8069        0x0 liblwip/icmp.o
 .data          0x000000003ffe8069        0x0 liblwip/igmp.o
 .data          0x000000003ffe8069        0x0 liblwip/inet_chksum.o
 .data          0x000000003ffe8069        0x0 liblwip/inet.o
 .data          0x000000003ffe8069        0x0 liblwip/init.o
 .data          0x000000003ffe8069        0x0 liblwip/ip_addr.o
 .data          0x000000003ffe8069        0x0 liblwip/ip_frag.o
 .data          0x000000003ffe8069        0x0 liblwip/ip.o
 .data          0x000000003ffe8069        0x0 liblwip/mdns.o
 .data          0x000000003ffe8069        0x0 liblwip/mem.o
 *fill*         0x000000003ffe8069        0x3 
 .data          0x000000003ffe806c        0x2 liblwip/memp.o
                0x000000003ffe806c                memp_sizes_test
 .data          0x000000003ffe806e        0x0 liblwip/netbuf.o
 .data          0x000000003ffe806e        0x0 liblwip/netdb.o
 .data          0x000000003ffe806e        0x0 liblwip/netifapi.o
 .data          0x000000003ffe806e        0x0 liblwip/netif.o
 .data          0x000000003ffe806e        0x0 liblwip/netio.o
 .data          0x000000003ffe806e        0x0 liblwip/pbuf.o
 .data          0x000000003ffe806e        0x0 liblwip/ping.o
 .data          0x000000003ffe806e        0x0 liblwip/raw.o
 *fill*         0x000000003ffe806e        0x2 
 .data          0x000000003ffe8070        0x8 liblwip/sntp.o
                0x000000003ffe8070                time_zone
                0x000000003ffe8071                sntp_receive_time_size
 .data          0x000000003ffe8078        0x0 liblwip/sockets.o
 .data          0x000000003ffe8078        0x0 liblwip/stats.o
 .data          0x000000003ffe8078        0x0 liblwip/sys_arch.o
 .data          0x000000003ffe8078        0x0 liblwip/sys.o
 .data          0x000000003ffe8078        0x0 liblwip/tcp_in.o
 .data          0x000000003ffe8078        0x0 liblwip/tcpip.o
 .data          0x000000003ffe8078        0x8 liblwip/tcp.o
 .data          0x000000003ffe8080        0x0 liblwip/tcp_out.o
 .data          0x000000003ffe8080        0x0 liblwip/timers.o
 .data          0x000000003ffe8080        0x0 liblwip/udp.o
 .data          0x000000003ffe8080        0x1 libmain/app_main.o
 .data          0x000000003ffe8081        0x0 libmain/debug-vector.o
 .data          0x000000003ffe8081        0x0 libmain/double-vector.o
 .data          0x000000003ffe8081        0x0 libmain/eagle_lib.o
 *fill*         0x000000003ffe8081        0x3 
 .data          0x000000003ffe8084        0x1 libmain/eagle_lwip_if.o
                0x000000003ffe8084                default_hostname
 .data          0x000000003ffe8085        0x0 libmain/ets_timer.o
 .data          0x000000003ffe8085        0x0 libmain/kernel-vector.o
 .data          0x000000003ffe8085        0x0 libmain/mem_manager.o
 .data          0x000000003ffe8085        0x4 libmain/nmi-vector.o
                0x000000003ffe8085                _Pri_3_HandlerAddress
 .data          0x000000003ffe8089        0x0 libmain/spi_flash.o
 .data          0x000000003ffe8089        0x0 libmain/spi_overlap.o
 .data          0x000000003ffe8089        0x0 libmain/time.o
 *fill*         0x000000003ffe8089        0x3 
 .data          0x000000003ffe808c        0x6 libmain/user_interface.o
                0x000000003ffe808d                timer2_ms_flag
                0x000000003ffe808e                dhcps_flag
                0x000000003ffe808f                dhcpc_flag
                0x000000003ffe8091                reconnect_internal
 .data          0x000000003ffe8092        0x0 libmain/user-vector.o
 .data          0x000000003ffe8092        0x0 libmain/vector.o
 *fill*         0x000000003ffe8092        0xe 
 .data          0x000000003ffe80a0       0x41 libmesh/espconn_base64.o
 *fill*         0x000000003ffe80e1        0x3 
 .data          0x000000003ffe80e4       0x21 libmesh/espconn_mesh.o
 *fill*         0x000000003ffe8105        0x3 
 .data          0x000000003ffe8108       0x1c libnet80211/ieee80211_action.o
 .data          0x000000003ffe8124        0x0 libnet80211/ieee80211_action_vendor.o
 .data          0x000000003ffe8124        0x0 libnet80211/ieee80211_crypto_ccmp.o
 .data          0x000000003ffe8124        0x0 libnet80211/ieee80211_crypto.o
 .data          0x000000003ffe8124        0x0 libnet80211/ieee80211_crypto_tkip.o
 .data          0x000000003ffe8124        0x0 libnet80211/ieee80211_crypto_wep.o
 .data          0x000000003ffe8124        0x0 libnet80211/ieee80211_ets.o
 .data          0x000000003ffe8124        0x1 libnet80211/ieee80211_hostap.o
                0x000000003ffe8124                TmpSTAAPCloseAP
 .data          0x000000003ffe8125        0x0 libnet80211/ieee80211_ht.o
 .data          0x000000003ffe8125        0x0 libnet80211/ieee80211_hwmp.o
 .data          0x000000003ffe8125        0x0 libnet80211/ieee80211_ie_vendor.o
 .data          0x000000003ffe8125        0x0 libnet80211/ieee80211_input.o
 .data          0x000000003ffe8125        0x0 libnet80211/ieee80211_mesh.o
 .data          0x000000003ffe8125        0x0 libnet80211/ieee80211_mesh_quick.o
 .data          0x000000003ffe8125        0x0 libnet80211/ieee80211_node.o
 .data          0x000000003ffe8125        0x0 libnet80211/ieee80211.o
 .data          0x000000003ffe8125        0x0 libnet80211/ieee80211_output.o
 .data          0x000000003ffe8125        0x0 libnet80211/ieee80211_phy.o
 .data          0x000000003ffe8125        0x0 libnet80211/ieee80211_power.o
 .data          0x000000003ffe8125        0x0 libnet80211/ieee80211_proto.o
 .data          0x000000003ffe8125        0x0 libnet80211/ieee80211_regdomain.o
 .data          0x000000003ffe8125        0x0 libnet80211/ieee80211_rfid.o
 .data          0x000000003ffe8125        0x0 libnet80211/ieee80211_scan.o
 .data          0x000000003ffe8125        0x0 libnet80211/ieee80211_sta.o
 .data          0x000000003ffe8125        0x0 libnet80211/if_eagle.o
 .data          0x000000003ffe8125        0x0 libnet80211/wl_chm.o
 *fill*         0x000000003ffe8125        0x3 
 .data          0x000000003ffe8128        0x1 libnet80211/wl_cnx.o
 .data          0x000000003ffe8129        0x0 libphy/ate_test.o
 .data          0x000000003ffe8129        0x0 libphy/phy_chip_v6_ana.o
 *fill*         0x000000003ffe8129        0x3 
 .data          0x000000003ffe812c        0x1 libphy/phy_chip_v6_cal.o
                0x000000003ffe812c                rfcal_bb_atten_init
 *fill*         0x000000003ffe812d        0x3 
 .data          0x000000003ffe8130       0x53 libphy/phy_chip_v6.o
                0x000000003ffe8132                tx_rf_ana_gain
                0x000000003ffe8160                rx_gain_swp
                0x000000003ffe8180                test_rffreq_txcap
 .data          0x000000003ffe8183        0x0 libphy/phy_chip_v6_unused.o
 .data          0x000000003ffe8183        0x0 libphy/phy.o
 *fill*         0x000000003ffe8183        0x1 
 .data          0x000000003ffe8184        0x4 libphy/phy_sleep.o
                0x000000003ffe8184                chip_version
 .data          0x000000003ffe8188        0x0 libpp/esf_buf.o
 .data          0x000000003ffe8188        0x0 libpp/if_hwctrl.o
 .data          0x000000003ffe8188        0x0 libpp/lmac.o
 .data          0x000000003ffe8188        0x0 libpp/mac_frame.o
 .data          0x000000003ffe8188        0x1 libpp/pm_for_bcn_only_mode.o
 *fill*         0x000000003ffe8189        0x3 
 .data          0x000000003ffe818c        0x1 libpp/pm.o
 *fill*         0x000000003ffe818d        0x3 
 .data          0x000000003ffe8190       0x1c libpp/pp.o
                0x000000003ffe8190                soft_wdt_interval
                0x000000003ffe8194                NoiseTimerInterval
                0x000000003ffe819c                sleep_start_wait_time
                0x000000003ffe81a4                CanDoFreqCal
                0x000000003ffe81a8                tcb
 *fill*         0x000000003ffe81ac        0x4 
 .data          0x000000003ffe81b0       0x40 libpp/rate_control.o
 .data          0x000000003ffe81f0      0x24c libpp/trc.o
 .data          0x000000003ffe843c        0x8 libpp/wdev.o
 *fill*         0x000000003ffe8444        0x4 
 .data          0x000000003ffe8448       0x10 libpwm/pwm.o
                0x000000003ffe844c                TestInputVal1
 .data          0x000000003ffe8458        0x6 libsmartconfig/sc_airkiss.o
                0x000000003ffe8458                AK_Group_bssid
 *fill*         0x000000003ffe845e        0x2 
 .data          0x000000003ffe8460        0x1 libsmartconfig/sc_esptouch.o
                0x000000003ffe8460                g_ET_TimeOut
 *fill*         0x000000003ffe8461        0x7 
 .data          0x000000003ffe8468        0xe libsmartconfig/sc_sniffer.o
                0x000000003ffe8468                g_SC_Select
                0x000000003ffe8470                ET_Group_bssid
 *fill*         0x000000003ffe8476        0x2 
 .data          0x000000003ffe8478       0x34 libssl/espconn_secure.o
                0x000000003ffe8478                ssl_option
 .data          0x000000003ffe84ac        0x0 libssl/espconn_ssl.o
 .data          0x000000003ffe84ac        0x0 libssl/sha256.o
 .data          0x000000003ffe84ac        0x0 libssl/sha384.o
 .data          0x000000003ffe84ac        0x0 libssl/sha512.o
 .data          0x000000003ffe84ac        0x0 libssl/ssl_aes.o
 .data          0x000000003ffe84ac        0x0 libssl/ssl_asn1.o
 .data          0x000000003ffe84ac        0x0 libssl/ssl_bigint.o
 .data          0x000000003ffe84ac        0x0 libssl/ssl_crypto_misc.o
 .data          0x000000003ffe84ac        0x0 libssl/ssl_gen_cert.o
 .data          0x000000003ffe84ac        0x0 libssl/ssl_hmac.o
 .data          0x000000003ffe84ac        0x0 libssl/ssl_loader.o
 .data          0x000000003ffe84ac        0x0 libssl/ssl_md5.o
 .data          0x000000003ffe84ac        0x0 libssl/ssl_openssl.o
 .data          0x000000003ffe84ac        0x0 libssl/ssl_os_port.o
 .data          0x000000003ffe84ac        0x0 libssl/ssl_p12.o
 .data          0x000000003ffe84ac        0x0 libssl/ssl_rc4.o
 .data          0x000000003ffe84ac        0x0 libssl/ssl_rsa.o
 .data          0x000000003ffe84ac        0x0 libssl/ssl_sha1.o
 .data          0x000000003ffe84ac        0x0 libssl/ssl_tls1_clnt.o
 .data          0x000000003ffe84ac        0x8 libssl/ssl_tls1.o
 .data          0x000000003ffe84b4        0x0 libssl/ssl_tls1_svr.o
 .data          0x000000003ffe84b4        0x0 libssl/ssl_x509.o
 .data          0x000000003ffe84b4        0x0 libwpa2/asn1.o
 .data          0x000000003ffe84b4        0x0 libwpa2/base64.o
 .data          0x000000003ffe84b4        0x0 libwpa2/bignum.o
 .data          0x000000003ffe84b4        0x0 libwpa2/chap.o
 .data          0x000000003ffe84b4        0x0 libwpa2/eap_common.o
 .data          0x000000003ffe84b4        0x0 libwpa2/eap_mschapv2.o
 .data          0x000000003ffe84b4        0x1 libwpa2/eap.o
 .data          0x000000003ffe84b5        0x0 libwpa2/eap_peap_common.o
 .data          0x000000003ffe84b5        0x0 libwpa2/eap_peap.o
 .data          0x000000003ffe84b5        0x0 libwpa2/eap_tls_common.o
 .data          0x000000003ffe84b5        0x0 libwpa2/eap_tls.o
 .data          0x000000003ffe84b5        0x0 libwpa2/eap_ttls.o
 .data          0x000000003ffe84b5        0x0 libwpa2/ext_password.o
 .data          0x000000003ffe84b5        0x0 libwpa2/mschapv2.o
 .data          0x000000003ffe84b5        0x0 libwpa2/pkcs1.o
 .data          0x000000003ffe84b5        0x0 libwpa2/pkcs5.o
 .data          0x000000003ffe84b5        0x0 libwpa2/pkcs8.o
 .data          0x000000003ffe84b5        0x0 libwpa2/rsa.o
 .data          0x000000003ffe84b5        0x0 libwpa2/tls_internal.o
 .data          0x000000003ffe84b5        0x0 libwpa2/tlsv1_client.o
 .data          0x000000003ffe84b5        0x0 libwpa2/tlsv1_client_read.o
 .data          0x000000003ffe84b5        0x0 libwpa2/tlsv1_client_write.o
 .data          0x000000003ffe84b5        0x0 libwpa2/tlsv1_common.o
 *fill*         0x000000003ffe84b5        0x3 
 .data          0x000000003ffe84b8       0x28 libwpa2/tlsv1_cred.o
 .data          0x000000003ffe84e0        0x0 libwpa2/tlsv1_record.o
 .data          0x000000003ffe84e0        0x0 libwpa2/tlsv1_server.o
 .data          0x000000003ffe84e0        0x0 libwpa2/tlsv1_server_read.o
 .data          0x000000003ffe84e0        0x0 libwpa2/tlsv1_server_write.o
 .data          0x000000003ffe84e0        0x0 libwpa2/x509v3.o
 .data          0x000000003ffe84e0        0x0 libwpa/ap_config.o
 .data          0x000000003ffe84e0        0x0 libwpa/common.o
 .data          0x000000003ffe84e0        0x0 libwpa/os_xtensa.o
 .data          0x000000003ffe84e0        0x0 libwpa/sta_info.o
 .data          0x000000003ffe84e0        0x0 libwpa/wpa_auth_ie.o
 .data          0x000000003ffe84e0        0x0 libwpa/wpa_auth.o
 .data          0x000000003ffe84e0        0x0 libwpa/wpabuf.o
 .data          0x000000003ffe84e0        0x0 libwpa/wpa_common.o
 .data          0x000000003ffe84e0        0x0 libwpa/wpa_debug.o
 .data          0x000000003ffe84e0        0x0 libwpa/wpa_ie.o
 .data          0x000000003ffe84e0        0x0 libwpa/wpa_main.o
 .data          0x000000003ffe84e0        0x0 libwpa/wpa.o
 .data          0x000000003ffe84e0        0x0 libwpa/wpas_glue.o
 .data          0x000000003ffe84e0        0x0 libwps/uuid.o
 .data          0x000000003ffe84e0        0x0 libwps/wps_attr_build.o
 .data          0x000000003ffe84e0        0x0 libwps/wps_attr_parse.o
 .data          0x000000003ffe84e0        0x0 libwps/wps_attr_process.o
 .data          0x000000003ffe84e0        0x0 libwps/wps_common.o
 .data          0x000000003ffe84e0        0x0 libwps/wps_dev_attr.o
 .data          0x000000003ffe84e0        0x0 libwps/wps_enrollee.o
 .data          0x000000003ffe84e0        0x0 libwps/wps.o
 .data          0x000000003ffe84e0        0x0 libwps/wps_registrar.o
 .data          0x000000003ffe84e0        0x0 libwps/wps_validate.o
 .data          0x000000003ffe84e0        0x0 ../empty_user.o
 .data          0x000000003ffe84e0        0x0 ../empty_libgcc.o
 .data          0x000000003ffe84e0        0x0 /mnt/hdd/projects-3rdparty/xtensa/esp-open-sdk/xtensa-lx106-elf/bin/../lib/gcc/xtensa-lx106-elf/4.8.5/../../../../xtensa-lx106-elf/lib/libc.a(lib_a-atoi.o)
 .data          0x000000003ffe84e0        0x0 /mnt/hdd/projects-3rdparty/xtensa/esp-open-sdk/xtensa-lx106-elf/bin/../lib/gcc/xtensa-lx106-elf/4.8.5/../../../../xtensa-lx106-elf/lib/libc.a(lib_a-memchr.o)
 .data          0x000000003ffe84e0        0x0 /mnt/hdd/projects-3rdparty/xtensa/esp-open-sdk/xtensa-lx106-elf/bin/../lib/gcc/xtensa-lx106-elf/4.8.5/../../../../xtensa-lx106-elf/lib/libc.a(lib_a-memcmp.o)
 .data          0x000000003ffe84e0        0x0 /mnt/hdd/projects-3rdparty/xtensa/esp-open-sdk/xtensa-lx106-elf/bin/../lib/gcc/xtensa-lx106-elf/4.8.5/../../../../xtensa-lx106-elf/lib/libc.a(lib_a-memcpy.o)
 .data          0x000000003ffe84e0        0x0 /mnt/hdd/projects-3rdparty/xtensa/esp-open-sdk/xtensa-lx106-elf/bin/../lib/gcc/xtensa-lx106-elf/4.8.5/../../../../xtensa-lx106-elf/lib/libc.a(lib_a-strcasecmp.o)
 .data          0x000000003ffe84e0        0x0 /mnt/hdd/projects-3rdparty/xtensa/esp-open-sdk/xtensa-lx106-elf/bin/../lib/gcc/xtensa-lx106-elf/4.8.5/../../../../xtensa-lx106-elf/lib/libc.a(lib_a-strtol.o)
 .data          0x000000003ffe84e0        0x0 /mnt/hdd/projects-3rdparty/xtensa/esp-open-sdk/xtensa-lx106-elf/bin/../lib/gcc/xtensa-lx106-elf/4.8.5/../../../../xtensa-lx106-elf/lib/libc.a(lib_a-sysgettod.o)
 .data          0x000000003ffe84e0        0x4 /mnt/hdd/projects-3rdparty/xtensa/esp-open-sdk/xtensa-lx106-elf/bin/../lib/gcc/xtensa-lx106-elf/4.8.5/../../../../xtensa-lx106-elf/lib/libc.a(lib_a-ctype_.o)
                0x000000003ffe84e0                __ctype_ptr__
 *fill*         0x000000003ffe84e4        0x4 
 .data          0x000000003ffe84e8      0x430 /mnt/hdd/projects-3rdparty/xtensa/esp-open-sdk/xtensa-lx106-elf/bin/../lib/gcc/xtensa-lx106-elf/4.8.5/../../../../xtensa-lx106-elf/lib/libc.a(lib_a-impure.o)
                0x000000003ffe84e8                _impure_ptr
 *(.data.*)
 *(.gnu.linkonce.d.*)
 *(.data1)
 *(.sdata)
 *(.sdata.*)
 *(.gnu.linkonce.s.*)
 *(.sdata2)
 *(.sdata2.*)
 *(.gnu.linkonce.s2.*)
 *(.jcr)
                0x000000003ffe8918                _data_end = ABSOLUTE (.)

.rodata         0x000000003ffe8920     0x2cdc
                0x000000003ffe8920                _rodata_start = ABSOLUTE (.)
 *(.sdk.version)
 .sdk.version   0x000000003ffe8920        0xf libmain/app_main.o
                0x000000003ffe8920                SDK_VERSION
 *(.rodata)
 *fill*         0x000000003ffe892f        0x1 
 .rodata        0x000000003ffe8930      0x118 libairkiss/airkiss.o
 .rodata        0x000000003ffe8a48        0x4 libairkiss/airlink.o
 *fill*         0x000000003ffe8a4c        0x4 
 .rodata        0x000000003ffe8a50      0x900 libcrypto/des-internal.o
 .rodata        0x000000003ffe9350       0xd0 libcrypto/dh_groups.o
 .rodata        0x000000003ffe9420      0x1a8 libcrypto/ms_funcs.o
 *fill*         0x000000003ffe95c8        0x8 
 .rodata        0x000000003ffe95d0      0x100 libcrypto/sha256-internal.o
 .rodata        0x000000003ffe96d0       0x1a libespnow/manatick.o
 *fill*         0x000000003ffe96ea        0x6 
 .rodata        0x000000003ffe96f0       0x74 liblwip/espconn_buf.o
 .rodata        0x000000003ffe9764        0x6 liblwip/etharp.o
                0x000000003ffe9764                ethbroadcast
 *fill*         0x000000003ffe976a        0x6 
 .rodata        0x000000003ffe9770       0xc0 liblwip/sntp.o
 .rodata        0x000000003ffe9830      0x222 libmesh/espconn_mesh.o
 *fill*         0x000000003ffe9a52        0x2 
 .rodata        0x000000003ffe9a54        0x8 libnet80211/ieee80211_hostap.o
 .rodata        0x000000003ffe9a5c        0x9 libnet80211/ieee80211_output.o
 *fill*         0x000000003ffe9a65        0x3 
 .rodata        0x000000003ffe9a68        0x8 libphy/phy_chip_v6_ana.o
 .rodata        0x000000003ffe9a70        0x8 libphy/phy_chip_v6.o
 .rodata        0x000000003ffe9a78        0x4 libpp/pp.o
 .rodata        0x000000003ffe9a7c        0x8 libsmartconfig/sc_airkiss.o
                0x000000003ffe9a7c                RSSI_MIN
                0x000000003ffe9a7d                RSSI_BEAR
                0x000000003ffe9a7e                DATA_RSSI_BEAR
                0x000000003ffe9a80                weixin_ip
 *fill*         0x000000003ffe9a84        0x4 
 .rodata        0x000000003ffe9a88        0x7 libsmartconfig/sc_sniffer.o
                0x000000003ffe9a88                SC_VERSION
 *fill*         0x000000003ffe9a8f        0x1 
 .rodata        0x000000003ffe9a90       0x40 libssl/sha256.o
 .rodata        0x000000003ffe9ad0      0x300 libssl/sha512.o
 .rodata        0x000000003ffe9dd0      0x220 libssl/ssl_aes.o
 .rodata        0x000000003ffe9ff0       0x80 libssl/ssl_asn1.o
 .rodata        0x000000003ffea070       0x90 libssl/ssl_crypto_misc.o
                0x000000003ffea070                unsupported_str
 .rodata        0x000000003ffea100       0x34 libssl/ssl_loader.o
 *fill*         0x000000003ffea134        0xc 
 .rodata        0x000000003ffea140       0x40 libssl/ssl_md5.o
 .rodata        0x000000003ffea180       0x10 libssl/ssl_sha1.o
 .rodata        0x000000003ffea190       0x74 libssl/ssl_tls1.o
                0x000000003ffea1e4                ssl_prot_prefs
 *fill*         0x000000003ffea204        0x4 
 .rodata        0x000000003ffea208       0x10 libssl/ssl_tls1_svr.o
 *fill*         0x000000003ffea218        0x8 
 .rodata        0x000000003ffea220       0x41 libwpa2/base64.o
 *fill*         0x000000003ffea261        0x3 
 .rodata        0x000000003ffea264        0x2 libwpa2/eap_peap.o
 *fill*         0x000000003ffea266        0xa 
 .rodata        0x000000003ffea270       0x18 libwpa2/tlsv1_client_read.o
 *fill*         0x000000003ffea288        0x8 
 .rodata        0x000000003ffea290      0x1f0 libwpa2/tlsv1_common.o
 .rodata        0x000000003ffea480       0x18 libwpa2/tlsv1_server_read.o
 *fill*         0x000000003ffea498        0x8 
 .rodata        0x000000003ffea4a0       0x10 libwps/wps_common.o
 .rodata        0x000000003ffea4b0        0x6 libwps/wps.o
 *fill*         0x000000003ffea4b6        0x2 
 .rodata        0x000000003ffea4b8        0xf libwps/wps_registrar.o
 .rodata        0x000000003ffea4c7      0x101 /mnt/hdd/projects-3rdparty/xtensa/esp-open-sdk/xtensa-lx106-elf/bin/../lib/gcc/xtensa-lx106-elf/4.8.5/../../../../xtensa-lx106-elf/lib/libc.a(lib_a-ctype_.o)
                0x000000003ffea4c7                _ctype_
 .rodata        0x000000003ffea5c8        0x4 /mnt/hdd/projects-3rdparty/xtensa/esp-open-sdk/xtensa-lx106-elf/bin/../lib/gcc/xtensa-lx106-elf/4.8.5/../../../../xtensa-lx106-elf/lib/libc.a(lib_a-impure.o)
                0x000000003ffea5c8                _global_impure_ptr
 *(.rodata.*)
 .rodata.str1.1
                0x000000003ffea5cc       0x52 libairkiss/airkiss.o
 .rodata.str1.1
                0x000000003ffea61e       0x5c libairkiss/airlink.o
                                         0x60 (size before relaxing)
 *fill*         0x000000003ffea67a        0x2 
 .rodata.str1.4
                0x000000003ffea67c        0x8 libespnow/manatick.o
 .rodata.str1.4
                0x000000003ffea684        0x1 liblwip/espconn_tcp.o
 *fill*         0x000000003ffea685        0x3 
 .rodata.str1.4
                0x000000003ffea688       0x88 liblwip/mdns.o
 .rodata.str1.4
                0x000000003ffea710       0x20 liblwip/sntp.o
 .rodata.str1.4
                0x000000003ffea730        0xc libmain/app_main.o
 .rodata.str1.4
                0x000000003ffea73c        0xc libmain/ets_timer.o
 .rodata.str1.4
                0x000000003ffea748       0x1a libmain/mem_manager.o
 *fill*         0x000000003ffea762        0x2 
 .rodata.str1.4
                0x000000003ffea764       0xf2 libmesh/espconn_mesh.o
 *fill*         0x000000003ffea856        0x2 
 .rodata.str1.4
                0x000000003ffea858        0x4 libnet80211/ieee80211_action_vendor.o
 .rodata.str1.4
                0x000000003ffea85c        0x8 libnet80211/ieee80211_hostap.o
 .rodata.str1.4
                0x000000003ffea864        0x4 libnet80211/ieee80211_ie_vendor.o
 .rodata.str1.4
                0x000000003ffea868        0x7 libnet80211/ieee80211_mesh_quick.o
 *fill*         0x000000003ffea86f        0x1 
 .rodata.str1.4
                0x000000003ffea870        0x4 libnet80211/ieee80211_sta.o
 .rodata.str1.4
                0x000000003ffea874        0xc libpp/lmac.o
 .rodata.str1.4
                0x000000003ffea880        0xc libpp/pm_for_bcn_only_mode.o
 .rodata.str1.4
                0x000000003ffea88c        0xb libpp/pm.o
 *fill*         0x000000003ffea897        0x1 
 .rodata.str1.4
                0x000000003ffea898       0x10 libpp/pp.o
 .rodata.str1.4
                0x000000003ffea8a8        0xc libpp/wdev.o
 .rodata.str1.4
                0x000000003ffea8b4        0xd libsmartconfig/sc_airkiss.o
 *fill*         0x000000003ffea8c1        0x3 
 .rodata.str1.4
                0x000000003ffea8c4        0xe libsmartconfig/sc_esptouch.o
 *fill*         0x000000003ffea8d2        0x2 
 .rodata.str1.4
                0x000000003ffea8d4        0xd libsmartconfig/sc_sniffer.o
 *fill*         0x000000003ffea8e1        0x3 
 .rodata.str1.4
                0x000000003ffea8e4       0x18 libssl/espconn_ssl.o
 .rodata.str1.4
                0x000000003ffea8fc       0x1e libssl/ssl_crypto_misc.o
 *fill*         0x000000003ffea91a        0x2 
 .rodata.str1.4
                0x000000003ffea91c      0x151 libssl/ssl_loader.o
 *fill*         0x000000003ffeaa6d        0x3 
 .rodata.str1.4
                0x000000003ffeaa70       0x20 libssl/ssl_rsa.o
 .rodata.str1.4
                0x000000003ffeaa90      0x13a libssl/ssl_tls1.o
 *fill*         0x000000003ffeabca        0x2 
 .rodata.str1.4
                0x000000003ffeabcc       0xf4 libssl/ssl_x509.o
 .rodata.str1.4
                0x000000003ffeacc0        0xe libwpa2/asn1.o
 *fill*         0x000000003ffeacce        0x2 
 .rodata.str1.4
                0x000000003ffeacd0       0x29 libwpa2/eap_mschapv2.o
 *fill*         0x000000003ffeacf9        0x3 
 .rodata.str1.4
                0x000000003ffeacfc       0x58 libwpa2/eap.o
 .rodata.str1.4
                0x000000003ffead54      0x135 libwpa2/eap_peap.o
 *fill*         0x000000003ffeae89        0x3 
 .rodata.str1.4
                0x000000003ffeae8c       0x97 libwpa2/eap_tls_common.o
 *fill*         0x000000003ffeaf23        0x1 
 .rodata.str1.4
                0x000000003ffeaf24       0x1c libwpa2/eap_tls.o
 .rodata.str1.4
                0x000000003ffeaf40       0x55 libwpa2/eap_ttls.o
 *fill*         0x000000003ffeaf95        0x3 
 .rodata.str1.4
                0x000000003ffeaf98       0xa7 libwpa2/tlsv1_client.o
 *fill*         0x000000003ffeb03f        0x1 
 .rodata.str1.4
                0x000000003ffeb040       0x10 libwpa2/tlsv1_client_read.o
 .rodata.str1.4
                0x000000003ffeb050       0x10 libwpa2/tlsv1_client_write.o
 .rodata.str1.4
                0x000000003ffeb060        0xe libwpa2/tlsv1_common.o
 *fill*         0x000000003ffeb06e        0x2 
 .rodata.str1.4
                0x000000003ffeb070      0x14f libwpa2/tlsv1_cred.o
 *fill*         0x000000003ffeb1bf        0x1 
 .rodata.str1.4
                0x000000003ffeb1c0       0x74 libwpa2/tlsv1_server.o
 .rodata.str1.4
                0x000000003ffeb234       0x10 libwpa2/tlsv1_server_read.o
 .rodata.str1.4
                0x000000003ffeb244       0x10 libwpa2/tlsv1_server_write.o
 .rodata.str1.4
                0x000000003ffeb254       0x41 libwpa2/x509v3.o
 *fill*         0x000000003ffeb295        0x3 
 .rodata.str1.4
                0x000000003ffeb298       0x10 libwpa/wpabuf.o
 .rodata.str1.4
                0x000000003ffeb2a8        0xd libwpa/wpa_debug.o
 *fill*         0x000000003ffeb2b5        0x3 
 .rodata.str1.4
                0x000000003ffeb2b8       0x45 libwps/uuid.o
 *fill*         0x000000003ffeb2fd        0x3 
 .rodata.str1.4
                0x000000003ffeb300       0xe1 libwps/wps_common.o
 *fill*         0x000000003ffeb3e1        0x3 
 .rodata.str1.4
                0x000000003ffeb3e4      0x176 libwps/wps.o
 *fill*         0x000000003ffeb55a        0x2 
 .rodata.str1.4
                0x000000003ffeb55c       0x95 libwps/wps_registrar.o
 .rodata.str1.1
                0x000000003ffeb5f1        0x2 /mnt/hdd/projects-3rdparty/xtensa/esp-open-sdk/xtensa-lx106-elf/bin/../lib/gcc/xtensa-lx106-elf/4.8.5/../../../../xtensa-lx106-elf/lib/libc.a(lib_a-impure.o)
 *(.gnu.linkonce.r.*)
 *(.rodata1)
                0x000000003ffeb5f3                __XT_EXCEPTION_TABLE__ = ABSOLUTE (.)
 *(.xt_except_table)
 *(.gcc_except_table)
 *(.gnu.linkonce.e.*)
 *(.gnu.version_r)
 *(.eh_frame)
 *crtbegin.o(.ctors)
 *(EXCLUDE_FILE(*crtend.o) .ctors)
 *(SORT(.ctors.*))
 *(.ctors)
 *crtbegin.o(.dtors)
 *(EXCLUDE_FILE(*crtend.o) .dtors)
 *(SORT(.dtors.*))
 *(.dtors)
                0x000000003ffeb5f3                __XT_EXCEPTION_DESCS__ = ABSOLUTE (.)
 *(.xt_except_desc)
 *(.gnu.linkonce.h.*)
                0x000000003ffeb5f3                __XT_EXCEPTION_DESCS_END__ = ABSOLUTE (.)
 *(.xt_except_desc_end)
 *(.dynamic)
 *(.gnu.version_d)
                0x000000003ffeb5f4                . = ALIGN (0x4)
 *fill*         0x000000003ffeb5f3        0x1 
                0x000000003ffeb5f4                _bss_table_start = ABSOLUTE (.)
                0x000000003ffeb5f4        0x4 LONG 0x3ffeb600 _bss_start
                0x000000003ffeb5f8        0x4 LONG 0x3fff28b8 _bss_end
                0x000000003ffeb5fc                _bss_table_end = ABSOLUTE (.)
                0x000000003ffeb5fc                _rodata_end = ABSOLUTE (.)

.bss            0x000000003ffeb600     0x72b8
                0x000000003ffeb600                . = ALIGN (0x8)
                0x000000003ffeb600                _bss_start = ABSOLUTE (.)
 *(.dynsbss)
 *(.sbss)
 *(.sbss.*)
 *(.gnu.linkonce.sb.*)
 *(.scommon)
 *(.sbss2)
 *(.sbss2.*)
 *(.gnu.linkonce.sb2.*)
 *(.dynbss)
 *(.bss)
 .bss           0x000000003ffeb600        0x0 libairkiss/airkiss.o
 .bss           0x000000003ffeb600        0x0 libairkiss/airlink.o
 .bss           0x000000003ffeb600        0x0 libcrypto/aes-cbc.o
 .bss           0x000000003ffeb600        0x0 libcrypto/aes-internal-dec.o
 .bss           0x000000003ffeb600        0x0 libcrypto/aes-internal-enc.o
 .bss           0x000000003ffeb600        0x0 libcrypto/aes-internal.o
 .bss           0x000000003ffeb600        0x0 libcrypto/aes-wrap.o
 .bss           0x000000003ffeb600        0x0 libcrypto/crypto_internal-cipher.o
 .bss           0x000000003ffeb600        0x0 libcrypto/crypto_internal-modexp.o
 .bss           0x000000003ffeb600        0x0 libcrypto/crypto_internal.o
 .bss           0x000000003ffeb600        0x0 libcrypto/crypto_internal-rsa.o
 .bss           0x000000003ffeb600        0x0 libcrypto/des-internal.o
 .bss           0x000000003ffeb600        0x0 libcrypto/dh_group5.o
 .bss           0x000000003ffeb600        0x0 libcrypto/dh_groups.o
 .bss           0x000000003ffeb600        0x0 libcrypto/md4-internal.o
 .bss           0x000000003ffeb600       0x28 libcrypto/ms_funcs.o
 .bss           0x000000003ffeb628        0x0 libcrypto/sha256-internal.o
 .bss           0x000000003ffeb628        0x0 libcrypto/sha256.o
 .bss           0x000000003ffeb628        0x0 libespnow/espnow.o
 .bss           0x000000003ffeb628       0x30 libespnow/manatick.o
 .bss           0x000000003ffeb658        0x4 libespnow/simple_pair.o
                0x000000003ffeb658                gl_sp
 .bss           0x000000003ffeb65c        0x0 liblwip/api_lib.o
 .bss           0x000000003ffeb65c        0x0 liblwip/api_msg.o
 .bss           0x000000003ffeb65c        0x0 liblwip/autoip.o
 .bss           0x000000003ffeb65c        0x0 liblwip/def.o
 *fill*         0x000000003ffeb65c        0x4 
 .bss           0x000000003ffeb660       0x38 liblwip/dhcp.o
                0x000000003ffeb660                dhcp_rx_options_given
                0x000000003ffeb670                dhcp_rx_options_val
 .bss           0x000000003ffeb698       0x24 liblwip/dhcpserver.o
 *fill*         0x000000003ffeb6bc        0x4 
 .bss           0x000000003ffeb6c0      0x480 liblwip/dns.o
 .bss           0x000000003ffebb40        0x0 liblwip/err.o
 .bss           0x000000003ffebb40        0x0 liblwip/espconn_buf.o
 .bss           0x000000003ffebb40        0x0 liblwip/espconn_mdns.o
 .bss           0x000000003ffebb40      0x104 liblwip/espconn.o
                0x000000003ffebb40                plink_active
                0x000000003ffebb44                pserver_list
                0x000000003ffebb50                premot
                0x000000003ffebc10                pktinfo
 *fill*         0x000000003ffebc44        0xc 
 .bss           0x000000003ffebc50       0x78 liblwip/espconn_tcp.o
                0x000000003ffebc50                espconn_TaskQueue
 .bss           0x000000003ffebcc8        0x0 liblwip/espconn_udp.o
 *fill*         0x000000003ffebcc8        0x8 
 .bss           0x000000003ffebcd0      0x100 liblwip/etharp.o
                0x000000003ffebcd4                ethzero
 .bss           0x000000003ffebdd0        0x0 liblwip/icmp.o
 .bss           0x000000003ffebdd0        0xc liblwip/igmp.o
 .bss           0x000000003ffebddc        0x0 liblwip/inet_chksum.o
 .bss           0x000000003ffebddc        0x0 liblwip/inet.o
 .bss           0x000000003ffebddc        0x0 liblwip/init.o
 *fill*         0x000000003ffebddc        0x4 
 .bss           0x000000003ffebde0       0x10 liblwip/ip_addr.o
 .bss           0x000000003ffebdf0        0x0 liblwip/ip_frag.o
 .bss           0x000000003ffebdf0       0x12 liblwip/ip.o
                0x000000003ffebdf0                current_iphdr_dest
                0x000000003ffebdf4                current_iphdr_src
                0x000000003ffebdf8                current_netif
                0x000000003ffebdfc                current_header
 *fill*         0x000000003ffebe02        0xe 
 .bss           0x000000003ffebe10      0x421 liblwip/mdns.o
                0x000000003ffebe14                PUCK_SERVICE
                0x000000003ffebe1c                PUCK_PORT
                0x000000003ffebe2c                mdns_timer
 .bss           0x000000003ffec231        0x0 liblwip/mem.o
 .bss           0x000000003ffec231        0x0 liblwip/memp.o
 .bss           0x000000003ffec231        0x0 liblwip/netbuf.o
 .bss           0x000000003ffec231        0x0 liblwip/netdb.o
 .bss           0x000000003ffec231        0x0 liblwip/netifapi.o
 *fill*         0x000000003ffec231        0x3 
 .bss           0x000000003ffec234        0x9 liblwip/netif.o
                0x000000003ffec234                netif_list
                0x000000003ffec238                netif_default
 .bss           0x000000003ffec23d        0x0 liblwip/netio.o
 .bss           0x000000003ffec23d        0x0 liblwip/pbuf.o
 *fill*         0x000000003ffec23d        0x3 
 .bss           0x000000003ffec240        0xa liblwip/ping.o
 *fill*         0x000000003ffec24a        0x2 
 .bss           0x000000003ffec24c        0x4 liblwip/raw.o
 .bss           0x000000003ffec250      0x128 liblwip/sntp.o
                0x000000003ffec250                res_buf
                0x000000003ffec274                __tzyear
                0x000000003ffec278                __tznorth
                0x000000003ffec2b0                sntp__tzrule
                0x000000003ffec2f0                reult
 .bss           0x000000003ffec378        0x0 liblwip/sockets.o
 .bss           0x000000003ffec378        0x0 liblwip/stats.o
 .bss           0x000000003ffec378        0x0 liblwip/sys_arch.o
 .bss           0x000000003ffec378        0x0 liblwip/sys.o
 .bss           0x000000003ffec378       0x34 liblwip/tcp_in.o
                0x000000003ffec3a8                tcp_input_pcb
 .bss           0x000000003ffec3ac        0x0 liblwip/tcpip.o
 .bss           0x000000003ffec3ac       0x1c liblwip/tcp.o
                0x000000003ffec3b0                tcp_active_pcbs
                0x000000003ffec3b4                tcp_tmp_pcb
                0x000000003ffec3b8                tcp_tw_pcbs
                0x000000003ffec3bc                tcp_bound_pcbs
                0x000000003ffec3c0                tcp_listen_pcbs
                0x000000003ffec3c4                tcp_ticks
 .bss           0x000000003ffec3c8        0x0 liblwip/tcp_out.o
 .bss           0x000000003ffec3c8        0xc liblwip/timers.o
 .bss           0x000000003ffec3d4        0x4 liblwip/udp.o
                0x000000003ffec3d4                udp_pcbs
 .bss           0x000000003ffec3d8       0x45 libmain/app_main.o
                0x000000003ffec3dc                info
                0x000000003ffec400                lwip_timer_interval
                0x000000003ffec404                check_timeouts_timer
                0x000000003ffec418                rf_cal_sec
                0x000000003ffec41c                user_init_flag
 .bss           0x000000003ffec41d        0x0 libmain/debug-vector.o
 .bss           0x000000003ffec41d        0x0 libmain/double-vector.o
 .bss           0x000000003ffec41d        0x0 libmain/eagle_lib.o
 *fill*         0x000000003ffec41d        0x3 
 .bss           0x000000003ffec420        0xc libmain/eagle_lwip_if.o
                0x000000003ffec420                hostname
 *fill*         0x000000003ffec42c        0x4 
 .bss           0x000000003ffec430       0x30 libmain/ets_timer.o
                0x000000003ffec430                dbg_timer_flag
                0x000000003ffec434                timer_list
                0x000000003ffec438                debug_timer
                0x000000003ffec43c                debug_timerfn
 .bss           0x000000003ffec460        0x0 libmain/kernel-vector.o
 .bss           0x000000003ffec460       0x3c libmain/mem_manager.o
 *fill*         0x000000003ffec49c        0x4 
 .bss           0x000000003ffec4a0      0x1c0 libmain/nmi-vector.o
 .bss           0x000000003ffec660        0x4 libmain/spi_flash.o
                0x000000003ffec660                flash_read
 .bss           0x000000003ffec664        0x0 libmain/spi_overlap.o
 .bss           0x000000003ffec664       0x1c libmain/time.o
 .bss           0x000000003ffec680      0x242 libmain/user_interface.o
                0x000000003ffec777                deep_sleep_flag
                0x000000003ffec778                cpu_overclock
                0x000000003ffec77c                event_cb
                0x000000003ffec780                status_led_output_level
                0x000000003ffec784                done_cb
                0x000000003ffec788                rst_if
                0x000000003ffec7a4                default_interface
                0x000000003ffec7a5                OpmodChgIsOnGoing
                0x000000003ffec7a8                promiscuous_cb
                0x000000003ffec7c0                event_TaskQueue
 .bss           0x000000003ffec8c2        0x0 libmain/user-vector.o
 .bss           0x000000003ffec8c2        0x0 libmain/vector.o
 *fill*         0x000000003ffec8c2        0xe 
 .bss           0x000000003ffec8d0      0x200 libmesh/espconn_base64.o
 .bss           0x000000003ffecad0      0x3d8 libmesh/espconn_mesh.o
 .bss           0x000000003ffecea8        0x0 libnet80211/ieee80211_action.o
 .bss           0x000000003ffecea8       0x18 libnet80211/ieee80211_action_vendor.o
 .bss           0x000000003ffecec0        0x0 libnet80211/ieee80211_crypto_ccmp.o
 .bss           0x000000003ffecec0        0x0 libnet80211/ieee80211_crypto.o
 .bss           0x000000003ffecec0        0x8 libnet80211/ieee80211_crypto_tkip.o
 .bss           0x000000003ffecec8        0x0 libnet80211/ieee80211_crypto_wep.o
 .bss           0x000000003ffecec8        0x0 libnet80211/ieee80211_ets.o
 .bss           0x000000003ffecec8       0x56 libnet80211/ieee80211_hostap.o
                0x000000003ffecec8                BcnEb_update
                0x000000003ffeced5                BcnWithMcastSendStart
                0x000000003ffeced6                BcnWithMcastSendCnt
                0x000000003ffecef0                PendFreeBcnEb
                0x000000003ffecef4                ApFreqCalTimer
                0x000000003ffecf08                APRecvBcnStartTick
 .bss           0x000000003ffecf1e        0x0 libnet80211/ieee80211_ht.o
 .bss           0x000000003ffecf1e        0x0 libnet80211/ieee80211_hwmp.o
 .bss           0x000000003ffecf1e        0x0 libnet80211/ieee80211_ie_vendor.o
 .bss           0x000000003ffecf1e        0x0 libnet80211/ieee80211_input.o
 .bss           0x000000003ffecf1e        0x0 libnet80211/ieee80211_mesh.o
 .bss           0x000000003ffecf1e        0x0 libnet80211/ieee80211_mesh_quick.o
 .bss           0x000000003ffecf1e        0x0 libnet80211/ieee80211_node.o
 *fill*         0x000000003ffecf1e        0x2 
 .bss           0x000000003ffecf20      0x6a8 libnet80211/ieee80211.o
                0x000000003ffecf20                g_ic
 .bss           0x000000003ffed5c8        0x0 libnet80211/ieee80211_output.o
 .bss           0x000000003ffed5c8        0x0 libnet80211/ieee80211_phy.o
 .bss           0x000000003ffed5c8        0x0 libnet80211/ieee80211_power.o
 .bss           0x000000003ffed5c8        0x0 libnet80211/ieee80211_proto.o
 .bss           0x000000003ffed5c8        0x0 libnet80211/ieee80211_regdomain.o
 .bss           0x000000003ffed5c8        0x0 libnet80211/ieee80211_rfid.o
 .bss           0x000000003ffed5c8       0xc8 libnet80211/ieee80211_scan.o
                0x000000003ffed5c8                gScanStruct
                0x000000003ffed674                connect_scan_flag
                0x000000003ffed675                FreqCalCntForScan
                0x000000003ffed676                TestStaFreqCalValInput
                0x000000003ffed678                auth_type
                0x000000003ffed67a                scannum
 .bss           0x000000003ffed690       0x28 libnet80211/ieee80211_sta.o
 .bss           0x000000003ffed6b8        0x0 libnet80211/if_eagle.o
 .bss           0x000000003ffed6b8       0x3c libnet80211/wl_chm.o
 *fill*         0x000000003ffed6f4        0x4 
 .bss           0x000000003ffed6f8      0x394 libnet80211/wl_cnx.o
                0x000000003ffeda58                sta_con_timer
                0x000000003ffeda6c                backup_ni_connect_status
                0x000000003ffeda70                g_cnx_probe_rc_list_cb
                0x000000003ffeda74                reconnect_flag
                0x000000003ffeda75                no_ap_found_index
 .bss           0x000000003ffeda8c        0x0 libphy/ate_test.o
 .bss           0x000000003ffeda8c        0x2 libphy/phy_chip_v6_ana.o
                0x000000003ffeda8c                tout_dis_txpwr_track
                0x000000003ffeda8d                sleep_mode_flag
 *fill*         0x000000003ffeda8e        0x2 
 .bss           0x000000003ffeda90        0x9 libphy/phy_chip_v6_cal.o
                0x000000003ffeda90                phy_tx_power_out
                0x000000003ffeda92                phy_tx_pwr_error
                0x000000003ffeda94                tx_pwctrl_track_num
                0x000000003ffeda95                rxiq_cover_fail_num
                0x000000003ffeda96                phy_meas_freq_offset
                0x000000003ffeda98                tx_pwctrl_pk_num
 *fill*         0x000000003ffeda99        0x7 
 .bss           0x000000003ffedaa0      0x153 libphy/phy_chip_v6.o
                0x000000003ffedaa0                g_phyFuns
                0x000000003ffedaa4                rxiq_compute_num
                0x000000003ffedaa8                rx_table_renew_en
                0x000000003ffedaac                check_result
                0x000000003ffedab0                chip6_sleep_params
                0x000000003ffedb44                chip6_phy_init_ctrl
                0x000000003ffedbb8                phy_freq_offset
                0x000000003ffedbba                do_pwctrl_flag
                0x000000003ffedbbb                txbk_dpdby_flag
                0x000000003ffedbbd                sw_scan_mode
                0x000000003ffedbbe                rxmax_ext_level
                0x000000003ffedbc0                phy_rx_gain_dc_table
                0x000000003ffedbd4                periodic_cal_flag
                0x000000003ffedbd5                bbpll_cal_flag
                0x000000003ffedbd6                phy_in_most_power
                0x000000003ffedbd7                init_rf_no_cal
                0x000000003ffedbd8                test_print_time
                0x000000003ffedbdc                phy_in_vdd33_offset
                0x000000003ffedbdd                phy_set_most_tpw_disbg
                0x000000003ffedbde                phy_set_most_tpw_index
                0x000000003ffedbe0                adc_rand_noise
                0x000000003ffedbe4                phy_rx_gain_dc_flag
                0x000000003ffedbe5                dpd_bypass_original
                0x000000003ffedbe6                phy_txpwr_diff_flash
                0x000000003ffedbe8                noise_array
 .bss           0x000000003ffedbf3        0x0 libphy/phy_chip_v6_unused.o
 *fill*         0x000000003ffedbf3        0x1 
 .bss           0x000000003ffedbf4        0x4 libphy/phy.o
 .bss           0x000000003ffedbf8        0x7 libphy/phy_sleep.o
                0x000000003ffedbf8                periodic_cal_sat
                0x000000003ffedbfa                lslp_mem_opt_8266
                0x000000003ffedbfc                software_slp_reject
                0x000000003ffedbfd                SDIO_slp_reject
                0x000000003ffedbfe                hardware_reject
 *fill*         0x000000003ffedbff        0x1 
 .bss           0x000000003ffedc00      0xaa4 libpp/esf_buf.o
 *fill*         0x000000003ffee6a4        0xc 
 .bss           0x000000003ffee6b0       0x40 libpp/if_hwctrl.o
                0x000000003ffee6b0                interface_mask
                0x000000003ffee6d0                if_ctrl
 .bss           0x000000003ffee6f0      0x150 libpp/lmac.o
                0x000000003ffee6f4                lmacConfMib
                0x000000003ffee718                our_tx_eb
 .bss           0x000000003ffee840        0x0 libpp/mac_frame.o
 .bss           0x000000003ffee840       0x38 libpp/pm_for_bcn_only_mode.o
 *fill*         0x000000003ffee878        0x8 
 .bss           0x000000003ffee880      0x12a libpp/pm.o
                0x000000003ffee880                pmc
 *fill*         0x000000003ffee9aa        0x6 
 .bss           0x000000003ffee9b0      0x322 libpp/pp.o
                0x000000003ffee9c8                pend_flag_noise_check
                0x000000003ffee9d0                pend_flag_periodic_cal
                0x000000003ffee9e8                idle_timer_reopen_flag
                0x000000003ffee9ea                dbg_stop_sw_wdt
                0x000000003ffee9eb                dbg_stop_hw_wdt
                0x000000003ffee9ed                total_buffed_eb_num
                0x000000003ffee9f0                HighestFreqOffsetInOneChk
                0x000000003ffee9f2                LowestFreqOffsetInOneChk
                0x000000003ffee9f4                DefFreqCalTimer
                0x000000003ffeea08                PktNumInOneChk
                0x000000003ffeeb90                buffed_eb_arr
 *fill*         0x000000003ffeecd2        0xe 
 .bss           0x000000003ffeece0      0x100 libpp/rate_control.o
 .bss           0x000000003ffeede0      0x46c libpp/trc.o
 *fill*         0x000000003ffef24c        0x4 
 .bss           0x000000003ffef250     0x2f88 libpp/wdev.o
                0x000000003ffef250                wDevCtrl
                0x000000003ffef3f8                WdevTimOffSet
 *fill*         0x000000003fff21d8        0x8 
 .bss           0x000000003fff21e0      0x1b0 libpwm/pwm.o
                0x000000003fff21e0                pwm
 .bss           0x000000003fff2390       0xb8 libsmartconfig/sc_airkiss.o
                0x000000003fff2390                pAKGuideGlob
                0x000000003fff2394                pAkTrans
                0x000000003fff2398                pAkDiret
                0x000000003fff239c                KissRes_ht20_timer
                0x000000003fff2418                pKissConn
                0x000000003fff2434                weixin_timer
 .bss           0x000000003fff2448       0xd4 libsmartconfig/sc_esptouch.o
                0x000000003fff2448                pETGuideGlob
                0x000000003fff244c                pCHListHead
                0x000000003fff2450                pCHListTral
                0x000000003fff2454                pTouchGlob
                0x000000003fff2458                TouchRestart_ht20_timer
                0x000000003fff24d4                TouchRestart_ht40_timer
                0x000000003fff24e8                pTouchConn
                0x000000003fff2504                TouchUdpTimer
 .bss           0x000000003fff251c       0x30 libsmartconfig/sc_sniffer.o
                0x000000003fff251c                pAPListHead
                0x000000003fff2520                pAPListTral
                0x000000003fff2524                smartconfig_cb
                0x000000003fff2528                SnifGlob
                0x000000003fff2538                channel_timer
 .bss           0x000000003fff254c       0x10 libssl/espconn_secure.o
                0x000000003fff254c                def_certificate
                0x000000003fff2550                def_certificate_len
                0x000000003fff2554                def_private_key
                0x000000003fff2558                def_private_key_len
 *fill*         0x000000003fff255c        0x4 
 .bss           0x000000003fff2560       0x88 libssl/espconn_ssl.o
                0x000000003fff2560                pfile_param
                0x000000003fff2568                plink_server
 .bss           0x000000003fff25e8        0x0 libssl/sha256.o
 .bss           0x000000003fff25e8        0x0 libssl/sha384.o
 .bss           0x000000003fff25e8        0x0 libssl/sha512.o
 .bss           0x000000003fff25e8        0x0 libssl/ssl_aes.o
 .bss           0x000000003fff25e8        0x0 libssl/ssl_asn1.o
 .bss           0x000000003fff25e8        0x0 libssl/ssl_bigint.o
 .bss           0x000000003fff25e8        0x8 libssl/ssl_crypto_misc.o
                0x000000003fff25e8                hex_finish
                0x000000003fff25ec                hex_index
 .bss           0x000000003fff25f0        0x0 libssl/ssl_gen_cert.o
 .bss           0x000000003fff25f0        0x0 libssl/ssl_hmac.o
 .bss           0x000000003fff25f0        0x0 libssl/ssl_loader.o
 .bss           0x000000003fff25f0        0x0 libssl/ssl_md5.o
 .bss           0x000000003fff25f0        0x0 libssl/ssl_openssl.o
 .bss           0x000000003fff25f0        0x0 libssl/ssl_os_port.o
 .bss           0x000000003fff25f0        0x0 libssl/ssl_p12.o
 .bss           0x000000003fff25f0        0x0 libssl/ssl_rc4.o
 .bss           0x000000003fff25f0        0x0 libssl/ssl_rsa.o
 .bss           0x000000003fff25f0        0x0 libssl/ssl_sha1.o
 .bss           0x000000003fff25f0        0x0 libssl/ssl_tls1_clnt.o
 .bss           0x000000003fff25f0        0x4 libssl/ssl_tls1.o
 .bss           0x000000003fff25f4        0x0 libssl/ssl_tls1_svr.o
 .bss           0x000000003fff25f4        0x0 libssl/ssl_x509.o
 .bss           0x000000003fff25f4        0x0 libwpa2/asn1.o
 .bss           0x000000003fff25f4        0x0 libwpa2/base64.o
 .bss           0x000000003fff25f4        0x0 libwpa2/bignum.o
 .bss           0x000000003fff25f4        0x0 libwpa2/chap.o
 .bss           0x000000003fff25f4        0x0 libwpa2/eap_common.o
 .bss           0x000000003fff25f4        0x0 libwpa2/eap_mschapv2.o
 .bss           0x000000003fff25f4       0x44 libwpa2/eap.o
 .bss           0x000000003fff2638        0x0 libwpa2/eap_peap_common.o
 .bss           0x000000003fff2638        0x0 libwpa2/eap_peap.o
 .bss           0x000000003fff2638        0x0 libwpa2/eap_tls_common.o
 .bss           0x000000003fff2638        0x0 libwpa2/eap_tls.o
 .bss           0x000000003fff2638        0x0 libwpa2/eap_ttls.o
 .bss           0x000000003fff2638        0x4 libwpa2/ext_password.o
 .bss           0x000000003fff263c        0x0 libwpa2/mschapv2.o
 .bss           0x000000003fff263c        0x0 libwpa2/pkcs1.o
 .bss           0x000000003fff263c        0x0 libwpa2/pkcs5.o
 .bss           0x000000003fff263c        0x0 libwpa2/pkcs8.o
 .bss           0x000000003fff263c        0x0 libwpa2/rsa.o
 .bss           0x000000003fff263c        0x4 libwpa2/tls_internal.o
 .bss           0x000000003fff2640        0x0 libwpa2/tlsv1_client.o
 .bss           0x000000003fff2640        0x0 libwpa2/tlsv1_client_read.o
 .bss           0x000000003fff2640        0x0 libwpa2/tlsv1_client_write.o
 .bss           0x000000003fff2640        0x0 libwpa2/tlsv1_common.o
 .bss           0x000000003fff2640        0x0 libwpa2/tlsv1_cred.o
 .bss           0x000000003fff2640        0x0 libwpa2/tlsv1_record.o
 .bss           0x000000003fff2640        0x0 libwpa2/tlsv1_server.o
 .bss           0x000000003fff2640        0x0 libwpa2/tlsv1_server_read.o
 .bss           0x000000003fff2640        0x0 libwpa2/tlsv1_server_write.o
 .bss           0x000000003fff2640        0x0 libwpa2/x509v3.o
 .bss           0x000000003fff2640        0x0 libwpa/ap_config.o
 .bss           0x000000003fff2640        0x0 libwpa/common.o
 .bss           0x000000003fff2640        0x0 libwpa/os_xtensa.o
 .bss           0x000000003fff2640        0x0 libwpa/sta_info.o
 .bss           0x000000003fff2640        0x0 libwpa/wpa_auth_ie.o
 .bss           0x000000003fff2640        0x0 libwpa/wpa_auth.o
 .bss           0x000000003fff2640        0x0 libwpa/wpabuf.o
 .bss           0x000000003fff2640        0x0 libwpa/wpa_common.o
 .bss           0x000000003fff2640        0x0 libwpa/wpa_debug.o
 .bss           0x000000003fff2640        0x0 libwpa/wpa_ie.o
 .bss           0x000000003fff2640        0x0 libwpa/wpa_main.o
 .bss           0x000000003fff2640      0x26a libwpa/wpa.o
 .bss           0x000000003fff28aa        0x0 libwpa/wpas_glue.o
 .bss           0x000000003fff28aa        0x0 libwps/uuid.o
 .bss           0x000000003fff28aa        0x0 libwps/wps_attr_build.o
 .bss           0x000000003fff28aa        0x0 libwps/wps_attr_parse.o
 .bss           0x000000003fff28aa        0x0 libwps/wps_attr_process.o
 .bss           0x000000003fff28aa        0x0 libwps/wps_common.o
 .bss           0x000000003fff28aa        0x0 libwps/wps_dev_attr.o
 .bss           0x000000003fff28aa        0x0 libwps/wps_enrollee.o
 *fill*         0x000000003fff28aa        0x2 
 .bss           0x000000003fff28ac        0x4 libwps/wps.o
 .bss           0x000000003fff28b0        0x0 libwps/wps_registrar.o
 .bss           0x000000003fff28b0        0x0 libwps/wps_validate.o
 .bss           0x000000003fff28b0        0x8 ../empty_user.o
                0x000000003fff28b0                default_certificate_len
                0x000000003fff28b4                default_private_key_len
 .bss           0x000000003fff28b8        0x0 ../empty_libgcc.o
 .bss           0x000000003fff28b8        0x0 /mnt/hdd/projects-3rdparty/xtensa/esp-open-sdk/xtensa-lx106-elf/bin/../lib/gcc/xtensa-lx106-elf/4.8.5/../../../../xtensa-lx106-elf/lib/libc.a(lib_a-atoi.o)
 .bss           0x000000003fff28b8        0x0 /mnt/hdd/projects-3rdparty/xtensa/esp-open-sdk/xtensa-lx106-elf/bin/../lib/gcc/xtensa-lx106-elf/4.8.5/../../../../xtensa-lx106-elf/lib/libc.a(lib_a-memchr.o)
 .bss           0x000000003fff28b8        0x0 /mnt/hdd/projects-3rdparty/xtensa/esp-open-sdk/xtensa-lx106-elf/bin/../lib/gcc/xtensa-lx106-elf/4.8.5/../../../../xtensa-lx106-elf/lib/libc.a(lib_a-memcmp.o)
 .bss           0x000000003fff28b8        0x0 /mnt/hdd/projects-3rdparty/xtensa/esp-open-sdk/xtensa-lx106-elf/bin/../lib/gcc/xtensa-lx106-elf/4.8.5/../../../../xtensa-lx106-elf/lib/libc.a(lib_a-memcpy.o)
 .bss           0x000000003fff28b8        0x0 /mnt/hdd/projects-3rdparty/xtensa/esp-open-sdk/xtensa-lx106-elf/bin/../lib/gcc/xtensa-lx106-elf/4.8.5/../../../../xtensa-lx106-elf/lib/libc.a(lib_a-strcasecmp.o)
 .bss           0x000000003fff28b8        0x0 /mnt/hdd/projects-3rdparty/xtensa/esp-open-sdk/xtensa-lx106-elf/bin/../lib/gcc/xtensa-lx106-elf/4.8.5/../../../../xtensa-lx106-elf/lib/libc.a(lib_a-strtol.o)
 .bss           0x000000003fff28b8        0x0 /mnt/hdd/projects-3rdparty/xtensa/esp-open-sdk/xtensa-lx106-elf/bin/../lib/gcc/xtensa-lx106-elf/4.8.5/../../../../xtensa-lx106-elf/lib/libc.a(lib_a-sysgettod.o)
 .bss           0x000000003fff28b8        0x0 /mnt/hdd/projects-3rdparty/xtensa/esp-open-sdk/xtensa-lx106-elf/bin/../lib/gcc/xtensa-lx106-elf/4.8.5/../../../../xtensa-lx106-elf/lib/libc.a(lib_a-ctype_.o)
 .bss           0x000000003fff28b8        0x0 /mnt/hdd/projects-3rdparty/xtensa/esp-open-sdk/xtensa-lx106-elf/bin/../lib/gcc/xtensa-lx106-elf/4.8.5/../../../../xtensa-lx106-elf/lib/libc.a(lib_a-impure.o)
 *(.bss.*)
 *(.gnu.linkonce.b.*)
 *(COMMON)
 COMMON         0x000000003fff28b8        0x0 ../empty_user.o
                0x000000003fff28b8                default_private_key
                0x000000003fff28b8                default_certificate
                0x000000003fff28b8                . = ALIGN (0x8)
                0x000000003fff28b8                _bss_end = ABSOLUTE (.)
                0x000000003fff28b8                _heap_start = ABSOLUTE (.)

.irom0.text     0x0000000040240000    0x67e50
                0x0000000040240000                _irom0_text_start = ABSOLUTE (.)
 *libmbedtls.a:(.literal .text .literal.* .text.*)
 *(.irom0.literal .irom.literal .irom.text.literal .irom0.text .irom.text)
 .irom0.literal
                0x0000000040240000        0xc libairkiss/airkiss.o
 .irom0.literal
                0x000000004024000c       0x30 libairkiss/airlink.o
                                         0x38 (size before relaxing)
 .irom0.text    0x000000004024003c      0x64b libairkiss/airkiss.o
                0x000000004024005c                airkiss_version
                0x0000000040240064                airkiss_init
                0x00000000402400b8                airkiss_recv
                0x00000000402405d4                airkiss_get_result
                0x0000000040240648                airkiss_change_channel
 *fill*         0x0000000040240687        0x1 
 .irom0.text    0x0000000040240688      0x279 libairkiss/airlink.o
                0x000000004024069c                airkiss_lan_recv
                0x000000004024076c                airkiss_lan_pack
 *fill*         0x0000000040240901        0x3 
 .irom0.text    0x0000000040240904      0x130 libcrypto/aes-cbc.o
                                        0x160 (size before relaxing)
                0x0000000040240908                aes_128_cbc_encrypt
                0x0000000040240998                aes_128_cbc_decrypt
 .irom0.text    0x0000000040240a34      0x58f libcrypto/aes-internal-dec.o
                                        0x5a3 (size before relaxing)
                0x0000000040240b20                aes_decrypt_init
                0x0000000040240f7c                aes_decrypt
                0x0000000040240f98                aes_decrypt_deinit
 *fill*         0x0000000040240fc3        0x1 
 .irom0.text    0x0000000040240fc4      0x4b7 libcrypto/aes-internal-enc.o
                                        0x4df (size before relaxing)
                0x0000000040240fc8                rijndaelEncrypt
                0x00000000402413e4                aes_encrypt_init
                0x0000000040241438                aes_encrypt
                0x0000000040241450                aes_encrypt_deinit
 *fill*         0x000000004024147b        0x1 
 .irom0.text    0x000000004024147c      0x304 libcrypto/aes-internal.o
                                        0x31c (size before relaxing)
                0x0000000040241480                rijndaelKeySetupEnc
 .irom0.text    0x0000000040241780       0xdf libcrypto/aes-wrap.o
                                        0x103 (size before relaxing)
                0x0000000040241780                aes_wrap
 *fill*         0x000000004024185f        0x1 
 .irom0.text    0x0000000040241860      0x277 libcrypto/crypto_internal-cipher.o
                                        0x2e3 (size before relaxing)
                0x0000000040241868                crypto_cipher_init
                0x0000000040241930                crypto_cipher_encrypt
                0x00000000402419e8                crypto_cipher_decrypt
                0x0000000040241aa8                crypto_cipher_deinit
 *fill*         0x0000000040241ad7        0x1 
 .irom0.text    0x0000000040241ad8       0xa5 libcrypto/crypto_internal-modexp.o
                                         0xfd (size before relaxing)
                0x0000000040241ad8                crypto_mod_exp
 *fill*         0x0000000040241b7d        0x3 
 .irom0.text    0x0000000040241b80      0x52a libcrypto/crypto_internal.o
                                        0x632 (size before relaxing)
                0x0000000040241b9c                crypto_hash_init
                0x0000000040241dc8                crypto_hash_update
                0x0000000040241e08                crypto_hash_finish
                0x00000000402420a4                crypto_global_init
                0x00000000402420a8                crypto_global_deinit
 *fill*         0x00000000402420aa        0x2 
 .irom0.text    0x00000000402420ac       0xe6 libcrypto/crypto_internal-rsa.o
                                        0x116 (size before relaxing)
                0x00000000402420ac                crypto_public_key_import
                0x00000000402420c0                crypto_private_key_import
                0x00000000402420f8                crypto_public_key_from_cert
                0x00000000402420fc                crypto_public_key_encrypt_pkcs1_v15
                0x0000000040242120                crypto_private_key_decrypt_pkcs1_v15
                0x0000000040242134                crypto_private_key_sign_pkcs1
                0x0000000040242158                crypto_public_key_free
                0x000000004024216c                crypto_private_key_free
                0x0000000040242180                crypto_public_key_decrypt_pkcs1
 *fill*         0x0000000040242192        0x2 
 .irom0.text    0x0000000040242194      0x53a libcrypto/des-internal.o
                                        0x55e (size before relaxing)
                0x00000000402425c8                des_encrypt
 *fill*         0x00000000402426ce        0x2 
 .irom0.text    0x00000000402426d0       0x4e libcrypto/dh_group5.o
                                         0x66 (size before relaxing)
                0x00000000402426d0                dh5_init
                0x00000000402426fc                dh5_derive_shared
                0x000000004024271c                dh5_free
 *fill*         0x000000004024271e        0x2 
 .irom0.text    0x0000000040242720      0x156 libcrypto/dh_groups.o
                                        0x1b2 (size before relaxing)
                0x0000000040242724                dh_groups_get
                0x000000004024273c                dh_init
                0x00000000402427f4                dh_derive_shared
 *fill*         0x0000000040242876        0x2 
 .irom0.text    0x0000000040242878      0x682 libcrypto/md4-internal.o
                                        0x692 (size before relaxing)
                0x0000000040242878                md4_vector
 *fill*         0x0000000040242efa        0x2 
 .irom0.text    0x0000000040242efc      0x56a libcrypto/ms_funcs.o
                                        0x5be (size before relaxing)
                0x0000000040243004                nt_password_hash
                0x000000004024304c                hash_nt_password_hash
                0x0000000040243070                challenge_response
                0x00000000402430c0                generate_nt_response
                0x00000000402430fc                generate_nt_response_pwhash
                0x0000000040243130                generate_authenticator_response_pwhash
                0x00000000402431cc                generate_authenticator_response
                0x0000000040243204                nt_challenge_response
                0x0000000040243234                get_master_key
                0x0000000040243298                get_asymetric_start_key
                0x0000000040243338                encrypt_pw_block_with_password_hash
                0x00000000402433cc                new_password_encrypted_with_old_nt_password_hash
                0x0000000040243400                nt_password_hash_encrypted_with_block
                0x000000004024342c                old_nt_password_hash_encrypted_with_new_nt_password_hash
 *fill*         0x0000000040243466        0x2 
 .irom0.text    0x0000000040243468      0x3c7 libcrypto/sha256-internal.o
                                        0x3cb (size before relaxing)
                0x0000000040243468                sha256_vector
                0x0000000040243660                sha256_init
                0x0000000040243694                sha256_process
                0x0000000040243744                sha256_done
 *fill*         0x000000004024382f        0x1 
 .irom0.text    0x0000000040243830      0x212 libcrypto/sha256.o
                                        0x232 (size before relaxing)
                0x0000000040243830                hmac_sha256_vector
                0x000000004024395c                hmac_sha256
                0x0000000040243980                sha256_prf
 *fill*         0x0000000040243a42        0x2 
 .irom0.text    0x0000000040243a44      0x300 libespnow/espnow.o
                                        0x403 (size before relaxing)
                0x0000000040243a4c                esp_now_init
                0x0000000040243a80                esp_now_deinit
                0x0000000040243aac                esp_now_register_recv_cb
                0x0000000040243ac8                esp_now_unregister_recv_cb
                0x0000000040243aec                esp_now_register_send_cb
                0x0000000040243b08                esp_now_unregister_send_cb
                0x0000000040243b2c                esp_now_send
                0x0000000040243b80                esp_now_add_peer
                0x0000000040243bac                esp_now_del_peer
                0x0000000040243bd0                esp_now_set_self_role
                0x0000000040243bec                esp_now_get_self_role
                0x0000000040243c08                esp_now_get_peer_role
                0x0000000040243c24                esp_now_set_peer_role
                0x0000000040243c40                esp_now_set_peer_channel
                0x0000000040243c5c                esp_now_get_peer_channel
                0x0000000040243c78                esp_now_set_peer_key
                0x0000000040243c94                esp_now_get_peer_key
                0x0000000040243cb0                esp_now_is_peer_exist
                0x0000000040243cd4                esp_now_fetch_peer
                0x0000000040243cf0                esp_now_get_cnt_info
                0x0000000040243d0c                esp_now_set_kok
                0x0000000040243d28                esp_now_encrypt_key
 *fill*         0x0000000040243d44        0x0 
 .irom0.text    0x0000000040243d44      0xa58 libespnow/manatick.o
                                        0xca0 (size before relaxing)
                0x0000000040243d4c                mt_crypto_key_of_key
                0x0000000040243dac                mt_decrypto_key_of_key
                0x0000000040243e20                mt_send_self_protocol
                0x0000000040243f10                mt_is_peer_exist
                0x0000000040243f4c                mt_set_self_role
                0x0000000040243f60                mt_get_self_role
                0x0000000040243f68                mt_set_peer_role
                0x0000000040243fb4                mt_get_peer_role
                0x0000000040243ff4                mt_set_peer_channel
                0x000000004024403c                mt_get_peer_channel
                0x0000000040244084                mt_set_peer_key
                0x00000000402441e4                mt_get_peer_key
                0x0000000040244260                mt_add_peer
                0x0000000040244440                mt_del_peer
                0x0000000040244508                mt_fetch_peer
                0x0000000040244524                mt_register_recv_self_protocol_cb
                0x0000000040244538                mt_unregister_recv_self_protocol_cb
                0x0000000040244544                mt_recv_action_cb
                0x0000000040244564                mt_register_send_cb
                0x0000000040244578                mt_unregister_send_cb
                0x0000000040244584                mt_send_cb
                0x00000000402445f0                mt_set_kok
                0x000000004024462c                mt_get_cnt_info
                0x0000000040244658                mt_init
                0x00000000402446b8                mt_deinit
 .irom0.text    0x000000004024479c      0xd69 libespnow/simple_pair.o
                                        0xfc5 (size before relaxing)
                0x0000000040244cb0                simple_pair_get_peer_mac
                0x0000000040244cbc                simple_pair_get_state
                0x0000000040244d18                simple_pair_enter_state
                0x000000004024518c                simple_pair_init
                0x00000000402452b0                simple_pair_deinit
                0x000000004024531c                simple_pair_state_reset
                0x0000000040245330                simple_pair_ap_enter_announce_mode
                0x0000000040245348                simple_pair_sta_enter_scan_mode
                0x0000000040245360                simple_pair_sta_start_negotiate
                0x00000000402453a0                simple_pair_ap_start_negotiate
                0x00000000402453e0                simple_pair_ap_refuse_negotiate
                0x0000000040245414                simple_pair_set_peer_ref
                0x0000000040245480                simple_pair_get_peer_ref
                0x00000000402454dc                register_simple_pair_status_cb
                0x00000000402454f0                unregister_simple_pair_status_cb
                0x0000000040245500                simple_pair_get_version
 *fill*         0x0000000040245505        0x3 
 .irom0.text    0x0000000040245508     0x1482 liblwip/dhcp.o
                                       0x1666 (size before relaxing)
                0x000000004024578c                dhcp_coarse_tmr
                0x00000000402457dc                dhcp_fine_tmr
                0x0000000040245a34                dhcp_set_struct
                0x0000000040245a5c                dhcp_cleanup
                0x0000000040245a88                dhcp_start
                0x0000000040245b40                dhcp_inform
                0x0000000040245bec                dhcp_network_changed
                0x0000000040245c34                dhcp_arp_reply
                0x0000000040245f3c                dhcp_renew
                0x0000000040246268                dhcp_release
                0x0000000040246328                dhcp_stop
 *fill*         0x000000004024698a        0x2 
 .irom0.text    0x000000004024698c      0xe0a liblwip/dhcpserver.o
                                       0x104a (size before relaxing)
                0x000000004024698c                node_insert_to_list
                0x00000000402469c4                node_remove_from_list
                0x00000000402470d4                dhcps_start
                0x000000004024713c                dhcps_stop
                0x00000000402471c0                wifi_softap_set_dhcps_lease
                0x00000000402472ac                wifi_softap_get_dhcps_lease
                0x000000004024734c                dhcps_coarse_tmr
                0x00000000402473c0                wifi_softap_set_dhcps_offer_option
                0x0000000040247404                wifi_softap_set_dhcps_lease_time
                0x0000000040247434                wifi_softap_reset_dhcps_lease_time
                0x0000000040247460                wifi_softap_get_dhcps_lease_time
                0x0000000040247468                wifi_softap_dhcps_client_leave
                0x0000000040247510                wifi_softap_dhcps_client_update
 *fill*         0x0000000040247796        0x2 
 .irom0.text    0x0000000040247798      0x5cf liblwip/dns.o
                                        0x68b (size before relaxing)
                0x00000000402477a4                dns_init
                0x00000000402477e4                dns_setserver
                0x0000000040247804                dns_getserver
                0x0000000040247818                dns_tmr
                0x0000000040247d10                dns_gethostbyname
 *fill*         0x0000000040247d67        0x1 
 .irom0.text    0x0000000040247d68       0xc6 liblwip/espconn_mdns.o
                                         0xee (size before relaxing)
                0x0000000040247d68                espconn_mdns_enable
                0x0000000040247d7c                espconn_mdns_disable
                0x0000000040247d90                espconn_mdns_set_hostname
[...]
                                                  libwps/wps_registrar.o
                                                  libwps/wps_enrollee.o
wps_build_cred                                    libwps/wps_registrar.o
wps_build_credential_wrap                         libwps/wps_registrar.o
wps_build_dev_name                                libwps/wps_dev_attr.o
                                                  libwps/wps.o
wps_build_dev_password_id                         libwps/wps_attr_build.o
                                                  libwps/wps_registrar.o
                                                  libwps/wps.o
                                                  libwps/wps_enrollee.o
wps_build_device_attrs                            libwps/wps_dev_attr.o
                                                  libwps/wps_registrar.o
                                                  libwps/wps_enrollee.o
wps_build_encr_settings                           libwps/wps_attr_build.o
                                                  libwps/wps_registrar.o
                                                  libwps/wps_enrollee.o
wps_build_encr_type_flags                         libwps/wps_attr_build.o
                                                  libwps/wps_registrar.o
                                                  libwps/wps_enrollee.o
wps_build_enrollee_nonce                          libwps/wps_attr_build.o
                                                  libwps/wps_registrar.o
                                                  libwps/wps_enrollee.o
                                                  libwps/wps_common.o
wps_build_key_wrap_auth                           libwps/wps_attr_build.o
                                                  libwps/wps_registrar.o
                                                  libwps/wps_enrollee.o
wps_build_manufacturer                            libwps/wps_dev_attr.o
                                                  libwps/wps.o
wps_build_model_name                              libwps/wps_dev_attr.o
                                                  libwps/wps.o
wps_build_model_number                            libwps/wps_dev_attr.o
                                                  libwps/wps.o
wps_build_msg_type                                libwps/wps_attr_build.o
                                                  libwps/wps_registrar.o
                                                  libwps/wps_enrollee.o
                                                  libwps/wps_common.o
wps_build_os_version                              libwps/wps_dev_attr.o
                                                  libwps/wps_registrar.o
                                                  libwps/wps_enrollee.o
wps_build_primary_dev_type                        libwps/wps_dev_attr.o
                                                  libwps/wps.o
wps_build_probe_req_ie                            libwps/wps.o
wps_build_public_key                              libwps/wps_attr_build.o
                                                  libwps/wps_registrar.o
                                                  libwps/wps.o
                                                  libwps/wps_enrollee.o
wps_build_registrar_nonce                         libwps/wps_attr_build.o
                                                  libwps/wps_registrar.o
                                                  libwps/wps_enrollee.o
                                                  libwps/wps_common.o
wps_build_req_dev_type                            libwps/wps_dev_attr.o
                                                  libwps/wps.o
wps_build_req_type                                libwps/wps_attr_build.o
                                                  libwps/wps.o
wps_build_resp_type                               libwps/wps_attr_build.o
                                                  libwps/wps_registrar.o
                                                  libwps/wps.o
wps_build_rf_bands                                libwps/wps_dev_attr.o
                                                  libwps/wps_registrar.o
                                                  libwps/wps.o
                                                  libwps/wps_enrollee.o
wps_build_secondary_dev_type                      libwps/wps_dev_attr.o
                                                  libwps/wps.o
wps_build_uuid_e                                  libwps/wps_attr_build.o
                                                  libwps/wps_registrar.o
                                                  libwps/wps.o
                                                  libwps/wps_enrollee.o
wps_build_vendor_ext                              libwps/wps_dev_attr.o
                                                  libwps/wps_registrar.o
wps_build_vendor_ext_m1                           libwps/wps_dev_attr.o
                                                  libwps/wps_enrollee.o
wps_build_version                                 libwps/wps_attr_build.o
                                                  libwps/wps_registrar.o
                                                  libwps/wps.o
                                                  libwps/wps_enrollee.o
                                                  libwps/wps_common.o
wps_build_wfa_ext                                 libwps/wps_attr_build.o
                                                  libwps/wps_registrar.o
                                                  libwps/wps.o
                                                  libwps/wps_enrollee.o
                                                  libwps/wps_common.o
wps_build_wsc_ack                                 libwps/wps_common.o
                                                  libwps/wps_registrar.o
                                                  libwps/wps_enrollee.o
wps_build_wsc_nack                                libwps/wps_common.o
                                                  libwps/wps_registrar.o
                                                  libwps/wps_enrollee.o
wps_config_methods_str2bin                        libwps/wps_common.o
wps_decrypt_encr_settings                         libwps/wps_common.o
                                                  libwps/wps_registrar.o
                                                  libwps/wps_enrollee.o
wps_deinit                                        libwps/wps.o
wps_derive_keys                                   libwps/wps_common.o
                                                  libwps/wps_registrar.o
                                                  libwps/wps_enrollee.o
wps_derive_psk                                    libwps/wps_common.o
                                                  libwps/wps_registrar.o
                                                  libwps/wps_enrollee.o
wps_dev_deinit                                    libwps/wps.o
wps_dev_init                                      libwps/wps.o
wps_dev_type_bin2str                              libwps/wps_common.o
                                                  libwps/wps_registrar.o
                                                  libwps/wps.o
wps_dev_type_str2bin                              libwps/wps_common.o
wps_device_data_dup                               libwps/wps_dev_attr.o
wps_device_data_free                              libwps/wps_dev_attr.o
                                                  libwps/wps_registrar.o
wps_device_store                                  libwps/wps_registrar.o
                                                  libwps/wps_enrollee.o
wps_enrollee_get_msg                              libwps/wps_enrollee.o
                                                  libwps/wps.o
wps_enrollee_process_msg                          libwps/wps_enrollee.o
                                                  libwps/wps.o
wps_fail_event                                    libwps/wps_common.o
                                                  libwps/wps_registrar.o
                                                  libwps/wps_enrollee.o
wps_generate_pin                                  libwps/wps_common.o
                                                  libwps/wps.o
wps_get_msg                                       libwps/wps.o
wps_get_uuid_e                                    libwps/wps.o
wps_ie_encapsulate                                libwps/wps_attr_build.o
                                                  libwps/wps_registrar.o
                                                  libwps/wps.o
wps_init                                          libwps/wps.o
wps_is_20                                         libwps/wps.o
wps_is_addr_authorized                            libwps/wps.o
wps_is_selected_pbc_registrar                     libwps/wps.o
wps_is_selected_pin_registrar                     libwps/wps.o
wps_kdf                                           libwps/wps_common.o
wps_key_save                                      libwps/wps.o
                                                  libwps/wps_enrollee.o
wps_parse_msg                                     libwps/wps_attr_parse.o
                                                  libwps/wps_validate.o
                                                  libwps/wps_registrar.o
                                                  libwps/wps.o
                                                  libwps/wps_enrollee.o
wps_pbc_overlap_event                             libwps/wps_common.o
                                                  libwps/wps_registrar.o
wps_pbc_timeout_event                             libwps/wps_common.o
                                                  libwps/wps_registrar.o
wps_pin_checksum                                  libwps/wps_common.o
wps_pin_str_valid                                 libwps/wps_common.o
wps_pin_valid                                     libwps/wps_common.o
wps_process_ap_settings                           libwps/wps_attr_process.o
                                                  libwps/wps_registrar.o
                                                  libwps/wps_enrollee.o
wps_process_authenticator                         libwps/wps_attr_process.o
                                                  libwps/wps_registrar.o
                                                  libwps/wps_enrollee.o
wps_process_cred                                  libwps/wps_attr_process.o
                                                  libwps/wps_enrollee.o
wps_process_device_attrs                          libwps/wps_dev_attr.o
                                                  libwps/wps_registrar.o
                                                  libwps/wps_enrollee.o
wps_process_key_wrap_auth                         libwps/wps_attr_process.o
                                                  libwps/wps_registrar.o
                                                  libwps/wps_enrollee.o
wps_process_msg                                   libwps/wps.o
wps_process_os_version                            libwps/wps_dev_attr.o
                                                  libwps/wps_registrar.o
wps_process_rf_bands                              libwps/wps_dev_attr.o
                                                  libwps/wps_registrar.o
wps_process_wps_mX_req                            libwps/wps.o
wps_pwd_auth_fail_event                           libwps/wps_common.o
                                                  libwps/wps_registrar.o
                                                  libwps/wps_enrollee.o
wps_registrar_add_pin                             libwps/wps_registrar.o
wps_registrar_button_pushed                       libwps/wps_registrar.o
wps_registrar_complete                            libwps/wps_registrar.o
wps_registrar_config_ap                           libwps/wps_registrar.o
wps_registrar_deinit                              libwps/wps_registrar.o
wps_registrar_get_info                            libwps/wps_registrar.o
wps_registrar_get_msg                             libwps/wps_registrar.o
                                                  libwps/wps.o
wps_registrar_init                                libwps/wps_registrar.o
wps_registrar_invalidate_pin                      libwps/wps_registrar.o
wps_registrar_pbc_overlap                         libwps/wps_registrar.o
wps_registrar_probe_req_rx                        libwps/wps_registrar.o
wps_registrar_process_msg                         libwps/wps_registrar.o
                                                  libwps/wps.o
wps_registrar_selected_registrar_changed          libwps/wps_registrar.o
wps_registrar_unlock_pin                          libwps/wps_registrar.o
wps_registrar_update_ie                           libwps/wps_registrar.o
wps_registrar_wps_cancel                          libwps/wps_registrar.o
wps_send_eap_identity_rsp                         libwps/wps.o
wps_send_wps_mX_rsp                               libwps/wps.o
wps_sm_alloc_eapol                                libwps/wps.o
wps_sm_get                                        libwps/wps.o
wps_sm_rx_eapol                                   libwps/wps.o
wps_start_pending                                 libwps/wps.o
wps_station_wps_register_cb                       libwps/wps.o
wps_success_event                                 libwps/wps_common.o
                                                  libwps/wps_registrar.o
                                                  libwps/wps_enrollee.o
wps_txStart                                       libwps/wps.o
wps_validate_assoc_req                            libwps/wps_validate.o
wps_validate_assoc_resp                           libwps/wps_validate.o
wps_validate_beacon                               libwps/wps_validate.o
wps_validate_beacon_probe_resp                    libwps/wps_validate.o
wps_validate_m1                                   libwps/wps_validate.o
                                                  libwps/wps_registrar.o
wps_validate_m2                                   libwps/wps_validate.o
                                                  libwps/wps_enrollee.o
wps_validate_m2d                                  libwps/wps_validate.o
                                                  libwps/wps_enrollee.o
wps_validate_m3                                   libwps/wps_validate.o
                                                  libwps/wps_registrar.o
wps_validate_m4                                   libwps/wps_validate.o
                                                  libwps/wps_enrollee.o
wps_validate_m4_encr                              libwps/wps_validate.o
                                                  libwps/wps_enrollee.o
wps_validate_m5                                   libwps/wps_validate.o
                                                  libwps/wps_registrar.o
wps_validate_m5_encr                              libwps/wps_validate.o
                                                  libwps/wps_registrar.o
wps_validate_m6                                   libwps/wps_validate.o
                                                  libwps/wps_enrollee.o
wps_validate_m6_encr                              libwps/wps_validate.o
                                                  libwps/wps_enrollee.o
wps_validate_m7                                   libwps/wps_validate.o
                                                  libwps/wps_registrar.o
wps_validate_m7_encr                              libwps/wps_validate.o
                                                  libwps/wps_registrar.o
wps_validate_m8                                   libwps/wps_validate.o
                                                  libwps/wps_enrollee.o
wps_validate_m8_encr                              libwps/wps_validate.o
                                                  libwps/wps_enrollee.o
wps_validate_probe_req                            libwps/wps_validate.o
wps_validate_upnp_set_selected_registrar          libwps/wps_validate.o
wps_validate_wsc_ack                              libwps/wps_validate.o
                                                  libwps/wps_registrar.o
                                                  libwps/wps_enrollee.o
wps_validate_wsc_done                             libwps/wps_validate.o
                                                  libwps/wps_registrar.o
wps_validate_wsc_nack                             libwps/wps_validate.o
                                                  libwps/wps_registrar.o
                                                  libwps/wps_enrollee.o
write_data_to_rtc                                 libphy/phy_chip_v6.o
                                                  libmain/app_main.o
x509_certificate_chain_free                       libwpa2/x509v3.o
                                                  libwpa2/tlsv1_server_read.o
                                                  libwpa2/tlsv1_cred.o
                                                  libwpa2/tlsv1_client_read.o
x509_certificate_chain_validate                   libwpa2/x509v3.o
                                                  libwpa2/tlsv1_server_read.o
                                                  libwpa2/tlsv1_client_read.o
x509_certificate_check_signature                  libwpa2/x509v3.o
x509_certificate_free                             libwpa2/x509v3.o
                                                  libwpa2/tlsv1_common.o
x509_certificate_get_subject                      libwpa2/x509v3.o
                                                  libwpa2/tlsv1_server_write.o
                                                  libwpa2/tlsv1_client_write.o
x509_certificate_parse                            libwpa2/x509v3.o
                                                  libwpa2/tlsv1_server_read.o
                                                  libwpa2/tlsv1_cred.o
                                                  libwpa2/tlsv1_common.o
                                                  libwpa2/tlsv1_client_read.o
x509_certificate_self_signed                      libwpa2/x509v3.o
                                                  libwpa2/tlsv1_server_write.o
                                                  libwpa2/tlsv1_client_write.o
x509_display_error                                libssl/ssl_x509.o
                                                  libssl/ssl_tls1.o
x509_free                                         libssl/ssl_x509.o
                                                  libssl/ssl_tls1.o
                                                  libssl/ssl_asn1.o
                                                  libssl/espconn_ssl.o
x509_name_compare                                 libwpa2/x509v3.o
                                                  libwpa2/tlsv1_cred.o
x509_name_string                                  libwpa2/x509v3.o
                                                  libwpa2/tlsv1_cred.o
x509_new                                          libssl/ssl_x509.o
                                                  libssl/ssl_tls1.o
x509_print                                        libssl/ssl_x509.o
                                                  libssl/ssl_tls1.o
x509_verify                                       libssl/ssl_x509.o
                                                  libssl/ssl_tls1_svr.o
                                                  libssl/ssl_tls1.o
xPortGetFreeHeapSize                              libmain/mem_manager.o
                                                  libmain/user_interface.o
xPortWantedSizeAlign                              libmain/mem_manager.o
                                                  libmain/user_interface.o
xthal_set_intclear                                libmain/app_main.o
